[0213/124047.781:INFO:ddg\webview\webview_embedded\com\com_cef_view_environment.cc:229] Created environment, environments size: 1
[0213/124049.100:INFO:ddg\webview\webview_embedded\com\com_cef_view_environment.cc:229] Created environment, environments size: 2
[0213/124053.554:INFO:ddg\webview\webview_embedded\com\com_cef_view_controller.cc:273] [DPI-DBG] ComCefViewController::UpdateControllerVisibility: env=Env: 1  h=2 browser_hwnd=0x0x7097c parent_hwnd=0x0xb059c IsIconic=0 visibility=0 pre_hidden_prior=2
[0213/124053.554:INFO:ddg\webview\webview_embedded\com\com_cef_view_controller.cc:77] [DPI-DBG] ComCefViewController::put_WebContentVisibility: env=Env: 1  h=2 browser_hwnd=0x0x7097c parent_hwnd=0x0xb059c visibility=2 pre_hidden_prior=2
[0213/124053.977:INFO:ddg\webview\webview_embedded\com\com_cef_view_controller.cc:273] [DPI-DBG] ComCefViewController::UpdateControllerVisibility: env=Env: 2  h=1 browser_hwnd=0x0x40880 parent_hwnd=0x0x608b4 IsIconic=0 visibility=0 pre_hidden_prior=2
[0213/124053.977:INFO:ddg\webview\webview_embedded\com\com_cef_view_controller.cc:77] [DPI-DBG] ComCefViewController::put_WebContentVisibility: env=Env: 2  h=1 browser_hwnd=0x0x40880 parent_hwnd=0x0x608b4 visibility=2 pre_hidden_prior=2
[0213/124054.408:INFO:ddg\webview\webview_embedded\com\com_cef_view_controller.cc:77] [DPI-DBG] ComCefViewController::put_WebContentVisibility: env=Env: 2  h=1 browser_hwnd=0x0x40880 parent_hwnd=0x0x608b4 visibility=1 pre_hidden_prior=2
[0213/124153.074:INFO:ddg\webview\webview_embedded\com\com_cef_view_controller.cc:273] [DPI-DBG] ComCefViewController::UpdateControllerVisibility: env=Env: 2  h=2 browser_hwnd=0x0x609b4 parent_hwnd=0x0xa0654 IsIconic=0 visibility=0 pre_hidden_prior=2
[0213/124153.074:INFO:ddg\webview\webview_embedded\com\com_cef_view_controller.cc:77] [DPI-DBG] ComCefViewController::put_WebContentVisibility: env=Env: 2  h=2 browser_hwnd=0x0x609b4 parent_hwnd=0x0xa0654 visibility=2 pre_hidden_prior=2
[0213/124155.406:WARNING:ddg\webview\common\ipc\channel.cc:220] Channel disconnected
[0213/124155.406:WARNING:ddg\webview\webview_embedded\browser_instance.cc:253] Env: 2 BrowserInstance: channel error: Disconnected
[0213/124222.406:INFO:ddg\webview\webview_embedded\com\com_cef_view_controller.cc:273] [DPI-DBG] ComCefViewController::UpdateControllerVisibility: env=Env: 1  h=3 browser_hwnd=0x0xa08ee parent_hwnd=0x0x509c6 IsIconic=0 visibility=0 pre_hidden_prior=2
[0213/124222.406:INFO:ddg\webview\webview_embedded\com\com_cef_view_controller.cc:77] [DPI-DBG] ComCefViewController::put_WebContentVisibility: env=Env: 1  h=3 browser_hwnd=0x0xa08ee parent_hwnd=0x0x509c6 visibility=2 pre_hidden_prior=2
[0213/124223.674:INFO:ddg\webview\webview_embedded\com\com_cef_view_controller.cc:273] [DPI-DBG] ComCefViewController::UpdateControllerVisibility: env=Env: 2  h=1 browser_hwnd=0x0x11046c parent_hwnd=0x0x14096a IsIconic=0 visibility=0 pre_hidden_prior=2
[0213/124223.674:INFO:ddg\webview\webview_embedded\com\com_cef_view_controller.cc:77] [DPI-DBG] ComCefViewController::put_WebContentVisibility: env=Env: 2  h=1 browser_hwnd=0x0x11046c parent_hwnd=0x0x14096a visibility=2 pre_hidden_prior=2
[0213/124223.820:INFO:ddg\webview\webview_embedded\com\com_cef_view_controller.cc:77] [DPI-DBG] ComCefViewController::put_WebContentVisibility: env=Env: 2  h=2 browser_hwnd=0x0x8089e parent_hwnd=0x0xb0614 visibility=2 pre_hidden_prior=-1
[0213/124223.820:INFO:ddg\webview\webview_embedded\com\com_cef_view_controller.cc:77] [DPI-DBG] ComCefViewController::put_WebContentVisibility: env=Env: 2  h=2 browser_hwnd=0x0x8089e parent_hwnd=0x0xb0614 visibility=1 pre_hidden_prior=-1
[0213/124223.872:INFO:ddg\webview\webview_embedded\com\com_cef_view_controller.cc:77] [DPI-DBG] ComCefViewController::put_WebContentVisibility: env=Env: 2  h=1 browser_hwnd=0x0x11046c parent_hwnd=0x0x14096a visibility=1 pre_hidden_prior=2
[0213/124229.712:INFO:ddg\webview\webview_embedded\com\com_cef_view_controller.cc:273] [DPI-DBG] ComCefViewController::UpdateControllerVisibility: env=Env: 2  h=3 browser_hwnd=0x0x4d0992 parent_hwnd=0x0xb0822 IsIconic=0 visibility=0 pre_hidden_prior=2
[0213/124229.712:INFO:ddg\webview\webview_embedded\com\com_cef_view_controller.cc:77] [DPI-DBG] ComCefViewController::put_WebContentVisibility: env=Env: 2  h=3 browser_hwnd=0x0x4d0992 parent_hwnd=0x0xb0822 visibility=2 pre_hidden_prior=2
[0213/124234.977:INFO:ddg\webview\webview_embedded\com\com_cef_view_controller.cc:273] [DPI-DBG] ComCefViewController::UpdateControllerVisibility: env=Env: 2  h=4 browser_hwnd=0x0x50970 parent_hwnd=0x0xc0822 IsIconic=0 visibility=0 pre_hidden_prior=2
[0213/124234.977:INFO:ddg\webview\webview_embedded\com\com_cef_view_controller.cc:77] [DPI-DBG] ComCefViewController::put_WebContentVisibility: env=Env: 2  h=4 browser_hwnd=0x0x50970 parent_hwnd=0x0xc0822 visibility=2 pre_hidden_prior=2
